// Jest Snapshot v1, https://goo.gl/fbAQLP

exports[`Designer snapshot 1`] = `
<div
  style="position: relative; background: rgb(74, 74, 74); overflow: overlay; width: 1200px; height: 1200px;"
>
  <div
    style="margin: 0px auto; width: 1200px; height: 1200px;"
  >
    <div
      style="position: absolute; width: 100%; min-height: 1200px;"
    >
      <div
        style="display: flex; align-items: center; justify-content: center; position: sticky; z-index: 1; top: 90%; left: calc(50% - 62.5px); width: 125px; background: rgba(119, 119, 119, 0.902); border-radius: 2px; padding: 0.5rem;"
      >
        <div
          style="display: flex; align-items: center; justify-content: center;"
        >
          <button
            style="padding-left: 0.5rem; cursor: pointer; background: none; display: flex; align-items: center;"
          >
            <svg
              aria-hidden="true"
              color="#fff"
              fill="none"
              height="20"
              stroke="currentColor"
              stroke-width="1.5"
              viewBox="0 0 24 24"
              width="20"
              xmlns="http://www.w3.org/2000/svg"
            >
              <path
                d="M19.5 12h-15"
                stroke-linecap="round"
                stroke-linejoin="round"
              />
            </svg>
          </button>
          <strong
            style="color: white; font-size: 0.9rem; min-width: 50px; text-align: center;"
          >
            100
            %
          </strong>
          <button
            style="padding-right: 0.5rem; cursor: pointer; background: none; display: flex; align-items: center;"
          >
            <svg
              aria-hidden="true"
              color="#fff"
              fill="none"
              height="20"
              stroke="currentColor"
              stroke-width="1.5"
              viewBox="0 0 24 24"
              width="20"
              xmlns="http://www.w3.org/2000/svg"
            >
              <path
                d="M12 4.5v15m7.5-7.5h-15"
                stroke-linecap="round"
                stroke-linejoin="round"
              />
            </svg>
          </button>
        </div>
      </div>
    </div>
    <div
      style="position: absolute; right: 0px; z-index: 1; height: 100%; width: 300px;"
    >
      <div
        style="position: sticky; top: 0px; z-index: 1; font-size: 1rem;"
      >
        <button
          style="position: absolute; top: 1.75rem; right: 0.5rem; z-index: 100; border-radius: 2px; padding: 0.5rem; cursor: pointer; background: rgb(238, 238, 238); width: 30px; height: 30px;"
        >
          <svg
            aria-hidden="true"
            fill="none"
            height="15"
            stroke="currentColor"
            stroke-width="1.5"
            viewBox="0 0 24 24"
            width="15"
            xmlns="http://www.w3.org/2000/svg"
          >
            <path
              d="M13.5 4.5L21 12m0 0l-7.5 7.5M21 12H3"
              stroke-linecap="round"
              stroke-linejoin="round"
            />
          </svg>
        </button>
        <div
          style="width: 300px; height: 1155px; display: block; top: 15px; right: 0px; position: absolute; background: rgba(255, 255, 255, 0.929); color: rgb(51, 51, 51); border: 1px solid #eee; padding: 0.5rem; overflow-y: auto; font-family: 'Open Sans', sans-serif; font-weight: 400; text-align: left; box-sizing: content-box;"
        >
          <div>
            <div
              style="height: 40px; display: flex; align-items: center;"
            >
              <span
                style="text-align: center; width: 100%; font-weight: bold;"
              >
                List of Fields
              </span>
            </div>
            <div
              style="margin-top: 0.5rem; margin-bottom: 0.5rem; border-bottom: 1px solid #e5e5e5;"
            />
            <div
              style="height: 1010px; overflow-y: auto;"
            >
              <ul
                style="margin: 0px; padding: 0px; list-style: none; border-radius: 5px;"
              >
                <li
                  style="transform: translate(0px, 0px) scale(1, 1);"
                >
                  <div
                    style="display: flex; align-items: center; border: 1px solid transparent;"
                  >
                    <button
                      style="padding: 0.5rem; background: none; display: flex;"
                    >
                      <object
                        style="cursor: grab;"
                        width="15"
                      >
                        <svg
                          aria-hidden="true"
                          height="16"
                          width="16"
                          xmlns="http://www.w3.org/2000/svg"
                        >
                          <path
                            d="M10 13a1 1 0 100-2 1 1 0 000 2zm-4 0a1 1 0 100-2 1 1 0 000 2zm1-5a1 1 0 11-2 0 1 1 0 012 0zm3 1a1 1 0 100-2 1 1 0 000 2zm1-5a1 1 0 11-2 0 1 1 0 012 0zM6 5a1 1 0 100-2 1 1 0 000 2z"
                          />
                        </svg>
                      </object>
                    </button>
                    <div
                      style="width: 100%; padding: 0.5rem 0.5rem 0.5rem 0px; cursor: pointer; overflow: hidden; white-space: nowrap; text-overflow: ellipsis;"
                      title="Edit"
                    >
                      field1
                    </div>
                  </div>
                </li>
                <li
                  style="transform: translate(0px, 0px) scale(1, 1);"
                >
                  <div
                    style="display: flex; align-items: center; border: 1px solid transparent;"
                  >
                    <button
                      style="padding: 0.5rem; background: none; display: flex;"
                    >
                      <object
                        style="cursor: grab;"
                        width="15"
                      >
                        <svg
                          aria-hidden="true"
                          height="16"
                          width="16"
                          xmlns="http://www.w3.org/2000/svg"
                        >
                          <path
                            d="M10 13a1 1 0 100-2 1 1 0 000 2zm-4 0a1 1 0 100-2 1 1 0 000 2zm1-5a1 1 0 11-2 0 1 1 0 012 0zm3 1a1 1 0 100-2 1 1 0 000 2zm1-5a1 1 0 11-2 0 1 1 0 012 0zM6 5a1 1 0 100-2 1 1 0 000 2z"
                          />
                        </svg>
                      </object>
                    </button>
                    <div
                      style="width: 100%; padding: 0.5rem 0.5rem 0.5rem 0px; cursor: pointer; overflow: hidden; white-space: nowrap; text-overflow: ellipsis;"
                      title="Edit"
                    >
                      field2
                    </div>
                  </div>
                </li>
              </ul>
            </div>
            <div
              style="display: flex; justify-content: flex-end; cursor: pointer; font-size: 0.75rem;"
            >
              <u>
                Bulk update field names
              </u>
            </div>
            <div
              style="margin-top: 0.5rem; margin-bottom: 0.5rem; border-bottom: 1px solid #e5e5e5;"
            />
          </div>
          <div
            style="display: flex; justify-content: space-around; position: absolute; width: 100%; left: 0px; bottom: 1rem; padding-top: 1rem;"
          >
            <button
              style="padding: 0.5rem; background: rgb(24, 160, 251); border-radius: 2px; cursor: pointer;"
            >
              <strong
                style="color: rgb(255, 255, 255);"
              >
                Add new field
              </strong>
            </button>
          </div>
        </div>
      </div>
    </div>
    <div
      style="overflow: overlay;"
    >
      <div
        class="selecto-selection rCS154w68a"
      />
      <div
        style="transform: scale(1); transform-origin: center top; width: 1200px; height: 1200px;"
      >
        <div
          id="@pdfme/ui-paper0"
          style="font-family: 'Helvetica'; top: 30px; left: 0px; margin: 0px auto; position: relative; background-image: url(data:image/png;base64,a...); background-size: 793.700787411px 1122.5196850527px; width: 793.700787411px; height: 1122.5196850527px;"
        >
          <div
            style="width: 30px; height: 30px; position: absolute; top: -30px; left: -30px; background: rgb(51, 51, 51);"
          />
          <div
            class="scena-manager scena-horizontal  rCS1dv2ewo"
            data-styled-id="rCS1dv2ewo"
            style="position: absolute; top: -30px; left: 0px; height: 30px; width: 793.700787411px;"
          >
            <div
              class="scena-guide-origin"
            />
            <canvas
              height="0"
              style="width: 100%; height: 100%;"
              width="0"
            />
            <div
              class="scena-guides"
              style="transform: translateY(0px);"
            >
              <div
                class="scena-guide scena-adder"
              />
            </div>
          </div>
          <div
            class="scena-manager scena-vertical  rCS1dv2ewo"
            data-styled-id="rCS1dv2ewo"
            style="position: absolute; top: 0px; left: -30px; height: 1122.5196850527px; width: 30px;"
          >
            <div
              class="scena-guide-origin"
            />
            <canvas
              height="0"
              style="width: 100%; height: 100%;"
              width="0"
            />
            <div
              class="scena-guides"
              style="transform: translateX(0px);"
            >
              <div
                class="scena-guide scena-adder"
              />
            </div>
          </div>
          <div
            class="moveable-control-box    rCSuehiy8"
            data-able-draggable="true"
            data-able-origin="true"
            data-able-padding="true"
            data-able-resizable="true"
            data-able-rotatable="true"
            data-able-snappable="true"
            data-styled-id="rCSuehiy8"
            style="position: absolute; display: none; transform: translate3d(0px, 0px, 0); --zoom: 1; --zoompx: 1px;"
          >
            <div
              class="moveable-rotation"
              style="transform: translate(-50%) translate(0px, 0px) rotate(0rad);"
            >
              <div
                class="moveable-line moveable-rotation-line"
                style="transform: scaleX(1);"
              />
              <div
                class="moveable-control moveable-rotation-control"
                style="transform: translate(0.5px) scale(1);"
              />
            </div>
            <div
              class="moveable-control moveable-direction moveable-n "
              data-direction="n"
              data-rotation="0"
              style="transform: translateZ(0px) translate(0px, 0px) rotate(0rad) scale(1);"
            />
            <div
              class="moveable-control moveable-direction moveable-w "
              data-direction="w"
              data-rotation="90"
              style="transform: translateZ(0px) translate(0px, 0px) rotate(0rad) scale(1);"
            />
            <div
              class="moveable-control moveable-direction moveable-s "
              data-direction="s"
              data-rotation="0"
              style="transform: translateZ(0px) translate(0px, 0px) rotate(0rad) scale(1);"
            />
            <div
              class="moveable-control moveable-direction moveable-e "
              data-direction="e"
              data-rotation="90"
              style="transform: translateZ(0px) translate(0px, 0px) rotate(0rad) scale(1);"
            />
            <div
              class="moveable-control moveable-direction moveable-nw "
              data-direction="nw"
              data-rotation="135"
              style="transform: translateZ(0px) translate(0px, 0px) rotate(0rad) scale(1);"
            />
            <div
              class="moveable-control moveable-direction moveable-ne "
              data-direction="ne"
              data-rotation="45"
              style="transform: translateZ(0px) translate(0px, 0px) rotate(0rad) scale(1);"
            />
            <div
              class="moveable-control moveable-direction moveable-sw "
              data-direction="sw"
              data-rotation="45"
              style="transform: translateZ(0px) translate(0px, 0px) rotate(0rad) scale(1);"
            />
            <div
              class="moveable-control moveable-direction moveable-se "
              data-direction="se"
              data-rotation="135"
              style="transform: translateZ(0px) translate(0px, 0px) rotate(0rad) scale(1);"
            />
            <div
              class="moveable-control moveable-origin"
              style="transform: translateZ(0px) translate(0px, 0px) rotate(0rad) scale(1);"
            />
            <div
              class="moveable-line moveable-direction "
              data-direction=""
              data-line-index="0"
              data-rotation="-1"
              style="transform: translateY(-50%) translate(0px, 0px) rotate(0rad) scaleY(1); width: 0px;"
            />
            <div
              class="moveable-line moveable-direction "
              data-direction=""
              data-line-index="1"
              data-rotation="-1"
              style="transform: translateY(-50%) translate(0px, 0px) rotate(0rad) scaleY(1); width: 0px;"
            />
            <div
              class="moveable-line moveable-direction "
              data-direction=""
              data-line-index="2"
              data-rotation="-1"
              style="transform: translateY(-50%) translate(0px, 0px) rotate(0rad) scaleY(1); width: 0px;"
            />
            <div
              class="moveable-line moveable-direction "
              data-direction=""
              data-line-index="3"
              data-rotation="-1"
              style="transform: translateY(-50%) translate(0px, 0px) rotate(0rad) scaleY(1); width: 0px;"
            />
          </div>
          <div>
            <div
              class="selectable"
              id="1"
              style="position: absolute; cursor: pointer; height: 56.692913386499995px; width: 377.95275591px; top: 75.590551182px; left: 75.590551182px; transform: rotate(0deg); border: 1px dashed #4af;"
              title="field1"
            >
              <div
                style="padding: 0px; resize: none; position: absolute; font-family: inherit; height: 56.692913386499995px; width: 377.95275591px; text-align: left; font-size: 30pt; letter-spacing: 0pt; line-height: 1em; white-space: pre-line; word-break: break-all; color: rgb(0, 0, 0);"
              >
                <span
                  style="letter-spacing: inherit;"
                >
                  b
                </span>
                <span
                  style="letter-spacing: 0;"
                >
                  b
                </span>
              </div>
            </div>
          </div>
          <div>
            <div
              class="selectable"
              id="2"
              style="position: absolute; cursor: pointer; height: 151.181102364px; width: 377.95275591px; top: 132.2834645685px; left: 75.590551182px; transform: rotate(0deg); border: 1px dashed #4af;"
              title="field2"
            >
              <div
                style="width: 377.95275591px; height: 151.181102364px; opacity: 1; background-image: none; background-size: 377.95275591px 151.181102364px;"
              >
                <img
                  src="aaaaaaaaaaaa"
                  style="width: 377.95275591px; height: 151.181102364px; border-radius: 0;"
                />
              </div>
              <label
                style="display: none; position: absolute; top: 50%; width: 100%; cursor: pointer;"
              >
                <input
                  accept="image/jpeg, image/png"
                  type="file"
                  value=""
                />
              </label>
            </div>
          </div>
        </div>
      </div>
    </div>
  </div>
</div>
`;
